This is pdfTeX, Version 3.141592653-2.6-1.40.27 (MiKTeX 25.2) (preloaded format=pdflatex 2025.3.15)  15 MAR 2025 23:55
entering extended mode
 restricted \write18 enabled.
 %&-line parsing enabled.
**./output/Filled_Reimbursement_Form.tex
(output/Filled_Reimbursement_Form.tex
LaTeX2e <2024-11-01> patch level 2
L3 programming layer <2025-01-18>

! LaTeX Error: Missing \begin{document}.

See the LaTeX manual or LaTeX Companion for explanation.
Type  H <return>  for immediate help.
 ...                                              
                                                  
l.1 [
     LaTeX Conversion Failed]
? hi
You're in trouble here.  Try typing  <return>  to proceed.
If that doesn't work, type  X <return>  to quit.
? X
 
Here is how much of TeX's memory you used:
 18 strings out of 473523
 634 string characters out of 5715114
 391471 words of memory out of 5000000
 23344 multiletter control sequences out of 15000+600000
 558837 words of font info for 36 fonts, out of 8000000 for 9000
 1141 hyphenation exceptions out of 8191
 15i,0n,18p,99b,14s stack positions out of 10000i,1000n,20000p,200000b,200000s
No pages of output.
PDF statistics:
 0 PDF objects out of 1000 (max. 8388607)
 0 named destinations out of 1000 (max. 500000)
 1 words of extra memory for PDF output out of 10000 (max. 10000000)

